| controllers/comments_controller.rb:17:3:51:5 | index | controllers/application_controller.rb:6:3:8:5 | set_user | controllers/comments_controller.rb:99:3:100:5 | foo |
| controllers/comments_controller.rb:17:3:51:5 | index | controllers/application_controller.rb:10:3:12:5 | log_request | controllers/application_controller.rb:6:3:8:5 | set_user |
| controllers/comments_controller.rb:17:3:51:5 | index | controllers/comments_controller.rb:17:3:51:5 | index | controllers/comments_controller.rb:87:3:89:5 | check_feature_flags |
| controllers/comments_controller.rb:17:3:51:5 | index | controllers/comments_controller.rb:87:3:89:5 | check_feature_flags | controllers/comments_controller.rb:95:3:97:5 | this_must_run_last |
| controllers/comments_controller.rb:17:3:51:5 | index | controllers/comments_controller.rb:91:3:93:5 | this_must_run_first | controllers/application_controller.rb:10:3:12:5 | log_request |
| controllers/comments_controller.rb:17:3:51:5 | index | controllers/comments_controller.rb:99:3:100:5 | foo | controllers/comments_controller.rb:102:3:103:5 | bar |
| controllers/comments_controller.rb:17:3:51:5 | index | controllers/comments_controller.rb:102:3:103:5 | bar | controllers/comments_controller.rb:17:3:51:5 | index |
| controllers/comments_controller.rb:53:3:54:5 | create | controllers/application_controller.rb:6:3:8:5 | set_user | controllers/comments_controller.rb:74:3:77:5 | ensure_user_can_edit_comments |
| controllers/comments_controller.rb:53:3:54:5 | create | controllers/application_controller.rb:10:3:12:5 | log_request | controllers/application_controller.rb:6:3:8:5 | set_user |
| controllers/comments_controller.rb:53:3:54:5 | create | controllers/comments_controller.rb:53:3:54:5 | create | controllers/comments_controller.rb:83:3:85:5 | log_comment_change |
| controllers/comments_controller.rb:53:3:54:5 | create | controllers/comments_controller.rb:74:3:77:5 | ensure_user_can_edit_comments | controllers/comments_controller.rb:99:3:100:5 | foo |
| controllers/comments_controller.rb:53:3:54:5 | create | controllers/comments_controller.rb:83:3:85:5 | log_comment_change | controllers/comments_controller.rb:87:3:89:5 | check_feature_flags |
| controllers/comments_controller.rb:53:3:54:5 | create | controllers/comments_controller.rb:87:3:89:5 | check_feature_flags | controllers/comments_controller.rb:95:3:97:5 | this_must_run_last |
| controllers/comments_controller.rb:53:3:54:5 | create | controllers/comments_controller.rb:91:3:93:5 | this_must_run_first | controllers/application_controller.rb:10:3:12:5 | log_request |
| controllers/comments_controller.rb:53:3:54:5 | create | controllers/comments_controller.rb:99:3:100:5 | foo | controllers/comments_controller.rb:102:3:103:5 | bar |
| controllers/comments_controller.rb:53:3:54:5 | create | controllers/comments_controller.rb:102:3:103:5 | bar | controllers/comments_controller.rb:53:3:54:5 | create |
| controllers/comments_controller.rb:56:3:62:5 | show | controllers/application_controller.rb:6:3:8:5 | set_user | controllers/comments_controller.rb:79:3:81:5 | set_comment |
| controllers/comments_controller.rb:56:3:62:5 | show | controllers/application_controller.rb:10:3:12:5 | log_request | controllers/application_controller.rb:6:3:8:5 | set_user |
| controllers/comments_controller.rb:56:3:62:5 | show | controllers/comments_controller.rb:56:3:62:5 | show | controllers/comments_controller.rb:87:3:89:5 | check_feature_flags |
| controllers/comments_controller.rb:56:3:62:5 | show | controllers/comments_controller.rb:79:3:81:5 | set_comment | controllers/comments_controller.rb:99:3:100:5 | foo |
| controllers/comments_controller.rb:56:3:62:5 | show | controllers/comments_controller.rb:87:3:89:5 | check_feature_flags | controllers/comments_controller.rb:95:3:97:5 | this_must_run_last |
| controllers/comments_controller.rb:56:3:62:5 | show | controllers/comments_controller.rb:91:3:93:5 | this_must_run_first | controllers/application_controller.rb:10:3:12:5 | log_request |
| controllers/comments_controller.rb:56:3:62:5 | show | controllers/comments_controller.rb:99:3:100:5 | foo | controllers/comments_controller.rb:102:3:103:5 | bar |
| controllers/comments_controller.rb:56:3:62:5 | show | controllers/comments_controller.rb:102:3:103:5 | bar | controllers/comments_controller.rb:56:3:62:5 | show |
| controllers/comments_controller.rb:64:3:66:5 | photo | controllers/application_controller.rb:6:3:8:5 | set_user | controllers/comments_controller.rb:99:3:100:5 | foo |
| controllers/comments_controller.rb:64:3:66:5 | photo | controllers/application_controller.rb:10:3:12:5 | log_request | controllers/application_controller.rb:6:3:8:5 | set_user |
| controllers/comments_controller.rb:64:3:66:5 | photo | controllers/comments_controller.rb:64:3:66:5 | photo | controllers/comments_controller.rb:83:3:85:5 | log_comment_change |
| controllers/comments_controller.rb:64:3:66:5 | photo | controllers/comments_controller.rb:83:3:85:5 | log_comment_change | controllers/comments_controller.rb:87:3:89:5 | check_feature_flags |
| controllers/comments_controller.rb:64:3:66:5 | photo | controllers/comments_controller.rb:87:3:89:5 | check_feature_flags | controllers/comments_controller.rb:95:3:97:5 | this_must_run_last |
| controllers/comments_controller.rb:64:3:66:5 | photo | controllers/comments_controller.rb:91:3:93:5 | this_must_run_first | controllers/application_controller.rb:10:3:12:5 | log_request |
| controllers/comments_controller.rb:64:3:66:5 | photo | controllers/comments_controller.rb:99:3:100:5 | foo | controllers/comments_controller.rb:102:3:103:5 | bar |
| controllers/comments_controller.rb:64:3:66:5 | photo | controllers/comments_controller.rb:102:3:103:5 | bar | controllers/comments_controller.rb:64:3:66:5 | photo |
| controllers/comments_controller.rb:68:3:70:5 | destroy | controllers/application_controller.rb:6:3:8:5 | set_user | controllers/comments_controller.rb:74:3:77:5 | ensure_user_can_edit_comments |
| controllers/comments_controller.rb:68:3:70:5 | destroy | controllers/application_controller.rb:10:3:12:5 | log_request | controllers/application_controller.rb:6:3:8:5 | set_user |
| controllers/comments_controller.rb:68:3:70:5 | destroy | controllers/comments_controller.rb:68:3:70:5 | destroy | controllers/comments_controller.rb:83:3:85:5 | log_comment_change |
| controllers/comments_controller.rb:68:3:70:5 | destroy | controllers/comments_controller.rb:74:3:77:5 | ensure_user_can_edit_comments | controllers/comments_controller.rb:79:3:81:5 | set_comment |
| controllers/comments_controller.rb:68:3:70:5 | destroy | controllers/comments_controller.rb:79:3:81:5 | set_comment | controllers/comments_controller.rb:99:3:100:5 | foo |
| controllers/comments_controller.rb:68:3:70:5 | destroy | controllers/comments_controller.rb:83:3:85:5 | log_comment_change | controllers/comments_controller.rb:87:3:89:5 | check_feature_flags |
| controllers/comments_controller.rb:68:3:70:5 | destroy | controllers/comments_controller.rb:87:3:89:5 | check_feature_flags | controllers/comments_controller.rb:95:3:97:5 | this_must_run_last |
| controllers/comments_controller.rb:68:3:70:5 | destroy | controllers/comments_controller.rb:91:3:93:5 | this_must_run_first | controllers/application_controller.rb:10:3:12:5 | log_request |
| controllers/comments_controller.rb:68:3:70:5 | destroy | controllers/comments_controller.rb:99:3:100:5 | foo | controllers/comments_controller.rb:102:3:103:5 | bar |
| controllers/comments_controller.rb:68:3:70:5 | destroy | controllers/comments_controller.rb:102:3:103:5 | bar | controllers/comments_controller.rb:68:3:70:5 | destroy |
| controllers/photos_controller.rb:3:3:6:5 | show | controllers/application_controller.rb:10:3:12:5 | log_request | controllers/photos_controller.rb:3:3:6:5 | show |
| controllers/photos_controller.rb:3:3:6:5 | show | controllers/photos_controller.rb:3:3:6:5 | show | controllers/photos_controller.rb:8:3:9:5 | foo |
| controllers/posts_controller.rb:12:3:15:5 | index | controllers/application_controller.rb:6:3:8:5 | set_user | controllers/posts_controller.rb:12:3:15:5 | index |
| controllers/posts_controller.rb:12:3:15:5 | index | controllers/application_controller.rb:10:3:12:5 | log_request | controllers/application_controller.rb:6:3:8:5 | set_user |
| controllers/posts_controller.rb:17:3:18:5 | show | controllers/application_controller.rb:6:3:8:5 | set_user | controllers/posts_controller.rb:17:3:18:5 | show |
| controllers/posts_controller.rb:17:3:18:5 | show | controllers/application_controller.rb:10:3:12:5 | log_request | controllers/posts_controller.rb:25:3:27:5 | set_post |
| controllers/posts_controller.rb:17:3:18:5 | show | controllers/posts_controller.rb:25:3:27:5 | set_post | controllers/application_controller.rb:6:3:8:5 | set_user |
| controllers/posts_controller.rb:20:3:21:5 | upvote | controllers/application_controller.rb:6:3:8:5 | set_user | controllers/posts_controller.rb:20:3:21:5 | upvote |
| controllers/posts_controller.rb:20:3:21:5 | upvote | controllers/application_controller.rb:10:3:12:5 | log_request | controllers/posts_controller.rb:25:3:27:5 | set_post |
| controllers/posts_controller.rb:20:3:21:5 | upvote | controllers/posts_controller.rb:20:3:21:5 | upvote | controllers/posts_controller.rb:29:3:31:5 | log_upvote |
| controllers/posts_controller.rb:20:3:21:5 | upvote | controllers/posts_controller.rb:25:3:27:5 | set_post | controllers/application_controller.rb:6:3:8:5 | set_user |
