| src/not_ruby.rb:5:25:5:26 | parse error | Extraction failed in src/not_ruby.rb with error parse error | 2 |
